[0m06:31:43.881635 [debug] [MainThread]: Sending event: {'category': 'dbt', 'action': 'invocation', 'label': 'start', 'context': [<snowplow_tracker.self_describing_json.SelfDescribingJson object at 0x000001DD2BEFB290>, <snowplow_tracker.self_describing_json.SelfDescribingJson object at 0x000001DD315EE610>, <snowplow_tracker.self_describing_json.SelfDescribingJson object at 0x000001DD317281D0>]}


============================== 06:31:43.898403 | 087d101d-d764-475c-9cef-929140c63c10 ==============================
[0m06:31:43.898403 [info ] [MainThread]: Running with dbt=1.12.0
[0m06:31:43.898403 [debug] [MainThread]: running dbt with arguments {'maximum_seed_size_mib': '1', 'no_print': 'None', 'version_check': 'True', 'warn_error_options': 'WarnErrorOptionsV2(error=[], warn=[], silence=[])', 'target_path': 'None', 'static_parser': 'True', 'printer_width': '80', 'write_json': 'True', 'empty': 'None', 'log_cache_events': 'False', 'introspect': 'True', 'cache_selected_only': 'False', 'log_format': 'default', 'debug': 'False', 'fail_fast': 'False', 'profiles_dir': 'C:\\Users\\Joseph\\.dbt', 'send_anonymous_usage_stats': 'True', 'quiet': 'False', 'warn_error': 'None', 'partial_parse': 'True', 'use_colors': 'True', 'hints_enabled': 'True', 'indirect_selection': 'eager', 'use_experimental_parser': 'False', 'invocation_command': 'dbt debug', 'log_path': 'logs'}
[0m06:31:44.105894 [info ] [MainThread]: dbt version: 1.12.0
[0m06:31:44.105894 [info ] [MainThread]: python version: 3.11.9
[0m06:31:44.105894 [info ] [MainThread]: python path: D:\Snow DW Project\Patient Record DBT\.venv\Scripts\python.exe
[0m06:31:44.108463 [info ] [MainThread]: os info: Windows-10-10.0.26200-SP0
[0m06:31:44.119192 [info ] [MainThread]: Error importing adapter: No module named 'dbt.adapters.databricks'
[0m06:31:44.120416 [info ] [MainThread]: Using profiles dir at C:\Users\Joseph\.dbt
[0m06:31:44.121427 [info ] [MainThread]: Using profiles.yml file at C:\Users\Joseph\.dbt\profiles.yml
[0m06:31:44.123687 [info ] [MainThread]: Using dbt_project.yml file at D:\Snow DW Project\Patient Record DBT\dbt_project.yml
[0m06:31:44.123687 [info ] [MainThread]: Configuration:
[0m06:31:44.126917 [info ] [MainThread]:   profiles.yml file [[31mERROR invalid[0m]
[0m06:31:44.127658 [info ] [MainThread]:   dbt_project.yml file [[31mERROR not found[0m]
[0m06:31:44.128721 [info ] [MainThread]: Required dependencies:
[0m06:31:44.129721 [debug] [MainThread]: Executing "git --help"
[0m06:31:44.264079 [debug] [MainThread]: STDOUT: "b"usage: git [-v | --version] [-h | --help] [-C <path>] [-c <name>=<value>]\n           [--exec-path[=<path>]] [--html-path] [--man-path] [--info-path]\n           [-p | --paginate | -P | --no-pager] [--no-replace-objects] [--no-lazy-fetch]\n           [--no-optional-locks] [--no-advice] [--bare] [--git-dir=<path>]\n           [--work-tree=<path>] [--namespace=<name>] [--config-env=<name>=<envvar>]\n           <command> [<args>]\n\nThese are common Git commands used in various situations:\n\nstart a working area (see also: git help tutorial)\n   clone      Clone a repository into a new directory\n   init       Create an empty Git repository or reinitialize an existing one\n\nwork on the current change (see also: git help everyday)\n   add        Add file contents to the index\n   mv         Move or rename a file, a directory, or a symlink\n   restore    Restore working tree files\n   rm         Remove files from the working tree and from the index\n\nexamine the history and state (see also: git help revisions)\n   bisect     Use binary search to find the commit that introduced a bug\n   diff       Show changes between commits, commit and working tree, etc\n   grep       Print lines matching a pattern\n   log        Show commit logs\n   show       Show various types of objects\n   status     Show the working tree status\n\ngrow, mark and tweak your common history\n   backfill   Download missing objects in a partial clone\n   branch     List, create, or delete branches\n   commit     Record changes to the repository\n   history    EXPERIMENTAL: Rewrite history\n   merge      Join two or more development histories together\n   rebase     Reapply commits on top of another base tip\n   reset      Set `HEAD` or the index to a known state\n   switch     Switch branches\n   tag        Create, list, delete or verify tags\n\ncollaborate (see also: git help workflows)\n   fetch      Download objects and refs from another repository\n   pull       Fetch from and integrate with another repository or a local branch\n   push       Update remote refs along with associated objects\n\n'git help -a' and 'git help -g' list available subcommands and some\nconcept guides. See 'git help <command>' or 'git help <concept>'\nto read about a specific subcommand or concept.\nSee 'git help git' for an overview of the system.\n""
[0m06:31:44.270281 [debug] [MainThread]: STDERR: "b''"
[0m06:31:44.270281 [info ] [MainThread]:  - git [[32mOK found[0m]

[0m06:31:44.272472 [info ] [MainThread]: Connection test skipped since no profile was found
[0m06:31:44.272472 [info ] [MainThread]: [31m2 checks failed:[0m
[0m06:31:44.273380 [info ] [MainThread]: Could not load dbt_project.yml
Profile loading failed for the following reason:
Runtime Error
  Credentials in profile "walmart", target "dev" invalid: Runtime Error
    Could not find adapter type databricks!


[0m06:31:44.274470 [info ] [MainThread]: Project loading failed for the following reason:
 project path <D:\Snow DW Project\Patient Record DBT\dbt_project.yml> not found

[0m06:31:44.275549 [debug] [MainThread]: Command `dbt debug` failed at 06:31:44.275549 after 0.48 seconds
[0m06:31:44.277556 [debug] [MainThread]: Sending event: {'category': 'dbt', 'action': 'invocation', 'label': 'end', 'context': [<snowplow_tracker.self_describing_json.SelfDescribingJson object at 0x000001DD316A0AD0>, <snowplow_tracker.self_describing_json.SelfDescribingJson object at 0x000001DD316B2990>, <snowplow_tracker.self_describing_json.SelfDescribingJson object at 0x000001DD316B0250>]}
[0m06:31:44.277556 [debug] [MainThread]: Flushing usage events
[0m06:31:45.730557 [debug] [MainThread]: An error was encountered while trying to flush usage events
[0m01:33:43.914570 [debug] [MainThread]: Sending event: {'category': 'dbt', 'action': 'invocation', 'label': 'start', 'context': [<snowplow_tracker.self_describing_json.SelfDescribingJson object at 0x000001C3F36E6390>, <snowplow_tracker.self_describing_json.SelfDescribingJson object at 0x000001C3F37E6F50>, <snowplow_tracker.self_describing_json.SelfDescribingJson object at 0x000001C3F382E250>]}


============================== 01:33:43.969343 | ae36df7f-a0ec-4467-b12a-e060a019eb0e ==============================
[0m01:33:43.969343 [info ] [MainThread]: Running with dbt=1.12.0
[0m01:33:43.969848 [debug] [MainThread]: running dbt with arguments {'version_check': 'True', 'no_print': 'None', 'static_parser': 'True', 'target_path': 'None', 'maximum_seed_size_mib': '1', 'warn_error_options': 'WarnErrorOptionsV2(error=[], warn=[], silence=[])', 'printer_width': '80', 'write_json': 'True', 'empty': 'None', 'log_cache_events': 'False', 'introspect': 'True', 'cache_selected_only': 'False', 'fail_fast': 'False', 'debug': 'False', 'log_format': 'default', 'profiles_dir': 'C:\\Users\\Joseph\\.dbt', 'send_anonymous_usage_stats': 'True', 'quiet': 'False', 'warn_error': 'None', 'partial_parse': 'True', 'use_colors': 'True', 'hints_enabled': 'True', 'invocation_command': 'dbt init', 'use_experimental_parser': 'False', 'indirect_selection': 'eager', 'log_path': 'logs'}
[0m01:34:07.353027 [debug] [MainThread]: Starter project path: D:\Snow DW Project\Patient Record DBT\.venv\Lib\site-packages\dbt\include\starter_project
[0m01:34:07.575283 [info ] [MainThread]: Setting up your profile.
[0m01:34:13.368276 [debug] [MainThread]: Snowflake adapter: Setting snowflake.connector to ERROR (file logging only)
[0m01:34:13.368276 [debug] [MainThread]: Snowflake adapter: Setting botocore to ERROR (file logging only)
[0m01:34:13.372898 [debug] [MainThread]: Snowflake adapter: Setting boto3 to ERROR (file logging only)
[0m01:56:24.527811 [info ] [MainThread]: Profile patient_record_warehouse written to C:\Users\Joseph\.dbt\profiles.yml using target's profile_template.yml and your supplied values.
[0m01:56:24.558824 [info ] [MainThread]: Running dbt debug to validate the project...
[0m01:56:24.572645 [info ] [MainThread]: dbt version: 1.12.0
[0m01:56:24.572645 [info ] [MainThread]: python version: 3.11.9
[0m01:56:24.572645 [info ] [MainThread]: python path: D:\Snow DW Project\Patient Record DBT\.venv\Scripts\python.exe
[0m01:56:24.574846 [info ] [MainThread]: os info: Windows-10-10.0.26200-SP0
[0m01:56:24.698314 [info ] [MainThread]: Using profiles dir at C:\Users\Joseph\.dbt
[0m01:56:24.698314 [info ] [MainThread]: Using profiles.yml file at C:\Users\Joseph\.dbt\profiles.yml
[0m01:56:24.698314 [info ] [MainThread]: Using dbt_project.yml file at D:\Snow DW Project\Patient Record DBT\patient_record_warehouse\dbt_project.yml
[0m01:56:24.700318 [info ] [MainThread]: adapter type: snowflake
[0m01:56:24.700318 [info ] [MainThread]: adapter version: 1.12.0
[0m01:56:24.803880 [info ] [MainThread]: Configuration:
[0m01:56:24.803880 [info ] [MainThread]:   profiles.yml file [[32mOK found and valid[0m]
[0m01:56:24.803880 [info ] [MainThread]:   dbt_project.yml file [[32mOK found and valid[0m]
[0m01:56:24.803880 [info ] [MainThread]: Required dependencies:
[0m01:56:24.803880 [debug] [MainThread]: Executing "git --help"
[0m01:56:24.854830 [debug] [MainThread]: STDOUT: "b"usage: git [-v | --version] [-h | --help] [-C <path>] [-c <name>=<value>]\n           [--exec-path[=<path>]] [--html-path] [--man-path] [--info-path]\n           [-p | --paginate | -P | --no-pager] [--no-replace-objects] [--no-lazy-fetch]\n           [--no-optional-locks] [--no-advice] [--bare] [--git-dir=<path>]\n           [--work-tree=<path>] [--namespace=<name>] [--config-env=<name>=<envvar>]\n           <command> [<args>]\n\nThese are common Git commands used in various situations:\n\nstart a working area (see also: git help tutorial)\n   clone      Clone a repository into a new directory\n   init       Create an empty Git repository or reinitialize an existing one\n\nwork on the current change (see also: git help everyday)\n   add        Add file contents to the index\n   mv         Move or rename a file, a directory, or a symlink\n   restore    Restore working tree files\n   rm         Remove files from the working tree and from the index\n\nexamine the history and state (see also: git help revisions)\n   bisect     Use binary search to find the commit that introduced a bug\n   diff       Show changes between commits, commit and working tree, etc\n   grep       Print lines matching a pattern\n   log        Show commit logs\n   show       Show various types of objects\n   status     Show the working tree status\n\ngrow, mark and tweak your common history\n   backfill   Download missing objects in a partial clone\n   branch     List, create, or delete branches\n   commit     Record changes to the repository\n   history    EXPERIMENTAL: Rewrite history\n   merge      Join two or more development histories together\n   rebase     Reapply commits on top of another base tip\n   reset      Set `HEAD` or the index to a known state\n   switch     Switch branches\n   tag        Create, list, delete or verify tags\n\ncollaborate (see also: git help workflows)\n   fetch      Download objects and refs from another repository\n   pull       Fetch from and integrate with another repository or a local branch\n   push       Update remote refs along with associated objects\n\n'git help -a' and 'git help -g' list available subcommands and some\nconcept guides. See 'git help <command>' or 'git help <concept>'\nto read about a specific subcommand or concept.\nSee 'git help git' for an overview of the system.\n""
[0m01:56:24.855829 [debug] [MainThread]: STDERR: "b''"
[0m01:56:24.856845 [info ] [MainThread]:  - git [[32mOK found[0m]

[0m01:56:24.856845 [info ] [MainThread]: Connection:
[0m01:56:24.857834 [info ] [MainThread]:   account: 1
[0m01:56:24.857834 [info ] [MainThread]:   user: JOSEPHVILLARIN27
[0m01:56:24.858832 [info ] [MainThread]:   database: PATIENT_RECORD_BD
[0m01:56:24.858832 [info ] [MainThread]:   warehouse: WH_PATIENT_ETL
[0m01:56:24.858832 [info ] [MainThread]:   role: accountadmin
[0m01:56:24.859829 [info ] [MainThread]:   schema: default_schema
[0m01:56:24.859829 [info ] [MainThread]:   authenticator: None
[0m01:56:24.860829 [info ] [MainThread]:   oauth_client_id: None
[0m01:56:24.860829 [info ] [MainThread]:   query_tag: None
[0m01:56:24.860829 [info ] [MainThread]:   client_session_keep_alive: False
[0m01:56:24.861829 [info ] [MainThread]:   host: None
[0m01:56:24.861829 [info ] [MainThread]:   port: None
[0m01:56:24.862832 [info ] [MainThread]:   proxy_host: None
[0m01:56:24.862832 [info ] [MainThread]:   proxy_port: None
[0m01:56:24.862832 [info ] [MainThread]:   protocol: None
[0m01:56:24.863832 [info ] [MainThread]:   connect_retries: 1
[0m01:56:24.863832 [info ] [MainThread]:   connect_timeout: None
[0m01:56:24.864832 [info ] [MainThread]:   retry_on_database_errors: False
[0m01:56:24.864832 [info ] [MainThread]:   retry_all: False
[0m01:56:24.864832 [info ] [MainThread]:   insecure_mode: False
[0m01:56:24.865830 [info ] [MainThread]:   reuse_connections: True
[0m01:56:24.865830 [info ] [MainThread]:   s3_stage_vpce_dns_name: None
[0m01:56:24.866831 [info ] [MainThread]:   workload_identity_provider: None
[0m01:56:24.866831 [info ] [MainThread]:   workload_identity_entra_resource: None
[0m01:56:24.867832 [info ] [MainThread]:   platform_detection_timeout_seconds: 0.0
[0m01:56:24.870447 [info ] [MainThread]: Registered adapter: snowflake=1.12.0
[0m01:56:25.453234 [debug] [MainThread]: Acquiring new snowflake connection 'debug'
[0m01:56:25.472936 [debug] [MainThread]: Using snowflake connection "debug"
[0m01:56:25.472936 [debug] [MainThread]: On debug: select 1 as id
[0m01:56:25.472936 [debug] [MainThread]: Opening a new connection, currently in state init
[0m01:56:28.618476 [debug] [MainThread]: Snowflake adapter: Error running SQL: select 1 as id
[0m01:56:28.618476 [debug] [MainThread]: Snowflake adapter: Rolling back transaction.
[0m01:56:28.618476 [info ] [MainThread]:   Connection test: [[31mERROR[0m]

[0m01:56:28.634425 [info ] [MainThread]: [31m1 check failed:[0m
[0m01:56:28.634425 [info ] [MainThread]: dbt was unable to connect to the specified database.
The database returned the following error:

  >Database Error
  290404 (08001): 404 Not Found: post 1.snowflakecomputing.com:443/session/v1/login-request

Check your database credentials and try again. For more information, visit:
https://docs.getdbt.com/docs/configure-your-profile


[0m01:56:28.634425 [info ] [MainThread]: Your new dbt project "patient_record_warehouse" was created!
Initialized new project in D:\Snow DW Project\Patient Record DBT\patient_record_warehouse\patient_record_warehouse

For more information on how to configure the profiles.yml file,
please consult the dbt documentation here:

  https://docs.getdbt.com/docs/configure-your-profile

One more thing:

Need help? Don't hesitate to reach out to us via GitHub issues or on Slack:

  https://community.getdbt.com/

Happy modeling!

[0m01:56:28.634425 [info ] [MainThread]: [31mYour profile may need adjustments. You can find the logs of `dbt debug` above[0m
[0m01:56:28.634425 [debug] [MainThread]: Command `dbt init` succeeded at 01:56:28.634425 after 1364.97 seconds
[0m01:56:28.634425 [debug] [MainThread]: Connection 'debug' was left open.
[0m01:56:28.634425 [debug] [MainThread]: On debug: No close available on handle
[0m01:56:28.634425 [debug] [MainThread]: Sending event: {'category': 'dbt', 'action': 'invocation', 'label': 'end', 'context': [<snowplow_tracker.self_describing_json.SelfDescribingJson object at 0x000001C3F53769D0>, <snowplow_tracker.self_describing_json.SelfDescribingJson object at 0x000001C3F3805D50>, <snowplow_tracker.self_describing_json.SelfDescribingJson object at 0x000001C3F3791510>]}
[0m01:56:28.634425 [debug] [MainThread]: Flushing usage events
[0m01:56:29.919749 [debug] [MainThread]: An error was encountered while trying to flush usage events
[0m01:56:39.381429 [debug] [MainThread]: Sending event: {'category': 'dbt', 'action': 'invocation', 'label': 'start', 'context': [<snowplow_tracker.self_describing_json.SelfDescribingJson object at 0x000002273AEC7B10>, <snowplow_tracker.self_describing_json.SelfDescribingJson object at 0x000002273AEC7E50>, <snowplow_tracker.self_describing_json.SelfDescribingJson object at 0x000002273AEF2BD0>]}


============================== 01:56:39.397399 | 7ed2397f-9884-4602-bf66-4f5548932ca0 ==============================
[0m01:56:39.397399 [info ] [MainThread]: Running with dbt=1.12.0
[0m01:56:39.397926 [debug] [MainThread]: running dbt with arguments {'static_parser': 'True', 'no_print': 'None', 'maximum_seed_size_mib': '1', 'target_path': 'None', 'warn_error_options': 'WarnErrorOptionsV2(error=[], warn=[], silence=[])', 'version_check': 'True', 'printer_width': '80', 'write_json': 'True', 'empty': 'None', 'log_cache_events': 'False', 'introspect': 'True', 'cache_selected_only': 'False', 'fail_fast': 'False', 'debug': 'False', 'log_format': 'default', 'profiles_dir': 'C:\\Users\\Joseph\\.dbt', 'send_anonymous_usage_stats': 'True', 'quiet': 'False', 'warn_error': 'None', 'partial_parse': 'True', 'indirect_selection': 'eager', 'hints_enabled': 'True', 'invocation_command': 'dbt debug', 'use_experimental_parser': 'False', 'use_colors': 'True', 'log_path': 'logs'}
[0m01:56:39.413408 [info ] [MainThread]: dbt version: 1.12.0
[0m01:56:39.414659 [info ] [MainThread]: python version: 3.11.9
[0m01:56:39.415445 [info ] [MainThread]: python path: D:\Snow DW Project\Patient Record DBT\.venv\Scripts\python.exe
[0m01:56:39.416225 [info ] [MainThread]: os info: Windows-10-10.0.26200-SP0
[0m01:56:39.883376 [debug] [MainThread]: Snowflake adapter: Setting snowflake.connector to ERROR (file logging only)
[0m01:56:39.883376 [debug] [MainThread]: Snowflake adapter: Setting botocore to ERROR (file logging only)
[0m01:56:39.884376 [debug] [MainThread]: Snowflake adapter: Setting boto3 to ERROR (file logging only)
[0m01:56:40.029728 [info ] [MainThread]: Error importing adapter: No module named 'dbt.adapters.databricks'
[0m01:56:40.029728 [info ] [MainThread]: Using profiles dir at C:\Users\Joseph\.dbt
[0m01:56:40.029728 [info ] [MainThread]: Using profiles.yml file at C:\Users\Joseph\.dbt\profiles.yml
[0m01:56:40.029728 [info ] [MainThread]: Using dbt_project.yml file at D:\Snow DW Project\Patient Record DBT\dbt_project.yml
[0m01:56:40.029728 [info ] [MainThread]: Configuration:
[0m01:56:40.029728 [info ] [MainThread]:   profiles.yml file [[31mERROR invalid[0m]
[0m01:56:40.029728 [info ] [MainThread]:   dbt_project.yml file [[31mERROR not found[0m]
[0m01:56:40.029728 [info ] [MainThread]: Required dependencies:
[0m01:56:40.029728 [debug] [MainThread]: Executing "git --help"
[0m01:56:40.086732 [debug] [MainThread]: STDOUT: "b"usage: git [-v | --version] [-h | --help] [-C <path>] [-c <name>=<value>]\n           [--exec-path[=<path>]] [--html-path] [--man-path] [--info-path]\n           [-p | --paginate | -P | --no-pager] [--no-replace-objects] [--no-lazy-fetch]\n           [--no-optional-locks] [--no-advice] [--bare] [--git-dir=<path>]\n           [--work-tree=<path>] [--namespace=<name>] [--config-env=<name>=<envvar>]\n           <command> [<args>]\n\nThese are common Git commands used in various situations:\n\nstart a working area (see also: git help tutorial)\n   clone      Clone a repository into a new directory\n   init       Create an empty Git repository or reinitialize an existing one\n\nwork on the current change (see also: git help everyday)\n   add        Add file contents to the index\n   mv         Move or rename a file, a directory, or a symlink\n   restore    Restore working tree files\n   rm         Remove files from the working tree and from the index\n\nexamine the history and state (see also: git help revisions)\n   bisect     Use binary search to find the commit that introduced a bug\n   diff       Show changes between commits, commit and working tree, etc\n   grep       Print lines matching a pattern\n   log        Show commit logs\n   show       Show various types of objects\n   status     Show the working tree status\n\ngrow, mark and tweak your common history\n   backfill   Download missing objects in a partial clone\n   branch     List, create, or delete branches\n   commit     Record changes to the repository\n   history    EXPERIMENTAL: Rewrite history\n   merge      Join two or more development histories together\n   rebase     Reapply commits on top of another base tip\n   reset      Set `HEAD` or the index to a known state\n   switch     Switch branches\n   tag        Create, list, delete or verify tags\n\ncollaborate (see also: git help workflows)\n   fetch      Download objects and refs from another repository\n   pull       Fetch from and integrate with another repository or a local branch\n   push       Update remote refs along with associated objects\n\n'git help -a' and 'git help -g' list available subcommands and some\nconcept guides. See 'git help <command>' or 'git help <concept>'\nto read about a specific subcommand or concept.\nSee 'git help git' for an overview of the system.\n""
[0m01:56:40.087734 [debug] [MainThread]: STDERR: "b''"
[0m01:56:40.087734 [info ] [MainThread]:  - git [[32mOK found[0m]

[0m01:56:40.088734 [info ] [MainThread]: Connection test skipped since no profile was found
[0m01:56:40.089731 [info ] [MainThread]: [31m2 checks failed:[0m
[0m01:56:40.089731 [info ] [MainThread]: Could not load dbt_project.yml
Profile loading failed for the following reason:
Runtime Error
  Credentials in profile "walmart", target "dev" invalid: Runtime Error
    Could not find adapter type databricks!


[0m01:56:40.090734 [info ] [MainThread]: Project loading failed for the following reason:
 project path <D:\Snow DW Project\Patient Record DBT\dbt_project.yml> not found

[0m01:56:40.091731 [debug] [MainThread]: Command `dbt debug` failed at 01:56:40.091731 after 0.82 seconds
[0m01:56:40.091731 [debug] [MainThread]: Sending event: {'category': 'dbt', 'action': 'invocation', 'label': 'end', 'context': [<snowplow_tracker.self_describing_json.SelfDescribingJson object at 0x000002273AFA2250>, <snowplow_tracker.self_describing_json.SelfDescribingJson object at 0x000002273AFA3010>, <snowplow_tracker.self_describing_json.SelfDescribingJson object at 0x000002273AFA3ED0>]}
[0m01:56:40.092731 [debug] [MainThread]: Flushing usage events
[0m01:56:42.249334 [debug] [MainThread]: An error was encountered while trying to flush usage events
[0m01:58:15.913873 [debug] [MainThread]: Sending event: {'category': 'dbt', 'action': 'invocation', 'label': 'start', 'context': [<snowplow_tracker.self_describing_json.SelfDescribingJson object at 0x000001F26481C3D0>, <snowplow_tracker.self_describing_json.SelfDescribingJson object at 0x000001F264827F90>, <snowplow_tracker.self_describing_json.SelfDescribingJson object at 0x000001F2646E6310>]}


============================== 01:58:15.921840 | 9587639c-9d6e-4762-a1ee-1cecb79404e3 ==============================
[0m01:58:15.921840 [info ] [MainThread]: Running with dbt=1.12.0
[0m01:58:15.921840 [debug] [MainThread]: running dbt with arguments {'static_parser': 'True', 'no_print': 'None', 'maximum_seed_size_mib': '1', 'target_path': 'None', 'warn_error_options': 'WarnErrorOptionsV2(error=[], warn=[], silence=[])', 'version_check': 'True', 'printer_width': '80', 'write_json': 'True', 'introspect': 'True', 'log_cache_events': 'False', 'empty': 'None', 'cache_selected_only': 'False', 'fail_fast': 'False', 'debug': 'False', 'log_format': 'default', 'partial_parse': 'True', 'send_anonymous_usage_stats': 'True', 'quiet': 'False', 'warn_error': 'None', 'profiles_dir': 'C:\\Users\\Joseph\\.dbt', 'use_colors': 'True', 'hints_enabled': 'True', 'indirect_selection': 'eager', 'use_experimental_parser': 'False', 'invocation_command': 'dbt debug', 'log_path': 'logs'}
[0m01:58:15.944113 [info ] [MainThread]: dbt version: 1.12.0
[0m01:58:15.944113 [info ] [MainThread]: python version: 3.11.9
[0m01:58:15.944113 [info ] [MainThread]: python path: D:\Snow DW Project\Patient Record DBT\.venv\Scripts\python.exe
[0m01:58:15.944113 [info ] [MainThread]: os info: Windows-10-10.0.26200-SP0
[0m01:58:16.552810 [debug] [MainThread]: Snowflake adapter: Setting snowflake.connector to ERROR (file logging only)
[0m01:58:16.552810 [debug] [MainThread]: Snowflake adapter: Setting botocore to ERROR (file logging only)
[0m01:58:16.554329 [debug] [MainThread]: Snowflake adapter: Setting boto3 to ERROR (file logging only)
[0m01:58:16.670488 [info ] [MainThread]: Error importing adapter: No module named 'dbt.adapters.databricks'
[0m01:58:16.670488 [info ] [MainThread]: Using profiles dir at C:\Users\Joseph\.dbt
[0m01:58:16.670488 [info ] [MainThread]: Using profiles.yml file at C:\Users\Joseph\.dbt\profiles.yml
[0m01:58:16.670488 [info ] [MainThread]: Using dbt_project.yml file at D:\Snow DW Project\Patient Record DBT\dbt_project.yml
[0m01:58:16.670488 [info ] [MainThread]: Configuration:
[0m01:58:16.670488 [info ] [MainThread]:   profiles.yml file [[31mERROR invalid[0m]
[0m01:58:16.670488 [info ] [MainThread]:   dbt_project.yml file [[31mERROR not found[0m]
[0m01:58:16.670488 [info ] [MainThread]: Required dependencies:
[0m01:58:16.670488 [debug] [MainThread]: Executing "git --help"
[0m01:58:16.723440 [debug] [MainThread]: STDOUT: "b"usage: git [-v | --version] [-h | --help] [-C <path>] [-c <name>=<value>]\n           [--exec-path[=<path>]] [--html-path] [--man-path] [--info-path]\n           [-p | --paginate | -P | --no-pager] [--no-replace-objects] [--no-lazy-fetch]\n           [--no-optional-locks] [--no-advice] [--bare] [--git-dir=<path>]\n           [--work-tree=<path>] [--namespace=<name>] [--config-env=<name>=<envvar>]\n           <command> [<args>]\n\nThese are common Git commands used in various situations:\n\nstart a working area (see also: git help tutorial)\n   clone      Clone a repository into a new directory\n   init       Create an empty Git repository or reinitialize an existing one\n\nwork on the current change (see also: git help everyday)\n   add        Add file contents to the index\n   mv         Move or rename a file, a directory, or a symlink\n   restore    Restore working tree files\n   rm         Remove files from the working tree and from the index\n\nexamine the history and state (see also: git help revisions)\n   bisect     Use binary search to find the commit that introduced a bug\n   diff       Show changes between commits, commit and working tree, etc\n   grep       Print lines matching a pattern\n   log        Show commit logs\n   show       Show various types of objects\n   status     Show the working tree status\n\ngrow, mark and tweak your common history\n   backfill   Download missing objects in a partial clone\n   branch     List, create, or delete branches\n   commit     Record changes to the repository\n   history    EXPERIMENTAL: Rewrite history\n   merge      Join two or more development histories together\n   rebase     Reapply commits on top of another base tip\n   reset      Set `HEAD` or the index to a known state\n   switch     Switch branches\n   tag        Create, list, delete or verify tags\n\ncollaborate (see also: git help workflows)\n   fetch      Download objects and refs from another repository\n   pull       Fetch from and integrate with another repository or a local branch\n   push       Update remote refs along with associated objects\n\n'git help -a' and 'git help -g' list available subcommands and some\nconcept guides. See 'git help <command>' or 'git help <concept>'\nto read about a specific subcommand or concept.\nSee 'git help git' for an overview of the system.\n""
[0m01:58:16.723440 [debug] [MainThread]: STDERR: "b''"
[0m01:58:16.724458 [info ] [MainThread]:  - git [[32mOK found[0m]

[0m01:58:16.724458 [info ] [MainThread]: Connection test skipped since no profile was found
[0m01:58:16.725440 [info ] [MainThread]: [31m2 checks failed:[0m
[0m01:58:16.726443 [info ] [MainThread]: Could not load dbt_project.yml
Profile loading failed for the following reason:
Runtime Error
  Credentials in profile "walmart", target "dev" invalid: Runtime Error
    Could not find adapter type databricks!


[0m01:58:16.726443 [info ] [MainThread]: Project loading failed for the following reason:
 project path <D:\Snow DW Project\Patient Record DBT\dbt_project.yml> not found

[0m01:58:16.727445 [debug] [MainThread]: Command `dbt debug` failed at 01:58:16.727445 after 0.92 seconds
[0m01:58:16.727445 [debug] [MainThread]: Sending event: {'category': 'dbt', 'action': 'invocation', 'label': 'end', 'context': [<snowplow_tracker.self_describing_json.SelfDescribingJson object at 0x000001F264827ED0>, <snowplow_tracker.self_describing_json.SelfDescribingJson object at 0x000001F2647A0250>, <snowplow_tracker.self_describing_json.SelfDescribingJson object at 0x000001F2647A0350>]}
[0m01:58:16.728445 [debug] [MainThread]: Flushing usage events
[0m01:58:18.986063 [debug] [MainThread]: An error was encountered while trying to flush usage events
[0m01:59:03.772088 [debug] [MainThread]: Sending event: {'category': 'dbt', 'action': 'invocation', 'label': 'start', 'context': [<snowplow_tracker.self_describing_json.SelfDescribingJson object at 0x00000253E72C7C90>, <snowplow_tracker.self_describing_json.SelfDescribingJson object at 0x00000253E73A3790>, <snowplow_tracker.self_describing_json.SelfDescribingJson object at 0x00000253E73A3910>]}


============================== 01:59:03.775271 | 4aa4255e-028a-4fa3-9e81-9b214e09c93a ==============================
[0m01:59:03.775271 [info ] [MainThread]: Running with dbt=1.12.0
[0m01:59:03.775271 [debug] [MainThread]: running dbt with arguments {'static_parser': 'True', 'no_print': 'None', 'version_check': 'True', 'target_path': 'None', 'maximum_seed_size_mib': '1', 'warn_error_options': 'WarnErrorOptionsV2(error=[], warn=[], silence=[])', 'printer_width': '80', 'write_json': 'True', 'empty': 'None', 'log_cache_events': 'False', 'introspect': 'True', 'cache_selected_only': 'False', 'fail_fast': 'False', 'debug': 'False', 'log_format': 'default', 'profiles_dir': 'C:\\Users\\Joseph\\.dbt', 'send_anonymous_usage_stats': 'True', 'quiet': 'False', 'warn_error': 'None', 'partial_parse': 'True', 'indirect_selection': 'eager', 'hints_enabled': 'True', 'use_colors': 'True', 'use_experimental_parser': 'False', 'invocation_command': 'dbt debug', 'log_path': 'logs'}
[0m01:59:03.791013 [info ] [MainThread]: dbt version: 1.12.0
[0m01:59:03.791013 [info ] [MainThread]: python version: 3.11.9
[0m01:59:03.797337 [info ] [MainThread]: python path: D:\Snow DW Project\Patient Record DBT\.venv\Scripts\python.exe
[0m01:59:03.797337 [info ] [MainThread]: os info: Windows-10-10.0.26200-SP0
[0m01:59:04.209157 [debug] [MainThread]: Snowflake adapter: Setting snowflake.connector to ERROR (file logging only)
[0m01:59:04.209157 [debug] [MainThread]: Snowflake adapter: Setting botocore to ERROR (file logging only)
[0m01:59:04.209157 [debug] [MainThread]: Snowflake adapter: Setting boto3 to ERROR (file logging only)
[0m01:59:04.325323 [info ] [MainThread]: Error importing adapter: No module named 'dbt.adapters.databricks'
[0m01:59:04.325323 [info ] [MainThread]: Using profiles dir at C:\Users\Joseph\.dbt
[0m01:59:04.325323 [info ] [MainThread]: Using profiles.yml file at C:\Users\Joseph\.dbt\profiles.yml
[0m01:59:04.327329 [info ] [MainThread]: Using dbt_project.yml file at D:\Snow DW Project\Patient Record DBT\dbt_project.yml
[0m01:59:04.327329 [info ] [MainThread]: Configuration:
[0m01:59:04.327329 [info ] [MainThread]:   profiles.yml file [[31mERROR invalid[0m]
[0m01:59:04.329334 [info ] [MainThread]:   dbt_project.yml file [[31mERROR not found[0m]
[0m01:59:04.329334 [info ] [MainThread]: Required dependencies:
[0m01:59:04.329334 [debug] [MainThread]: Executing "git --help"
[0m01:59:04.374198 [debug] [MainThread]: STDOUT: "b"usage: git [-v | --version] [-h | --help] [-C <path>] [-c <name>=<value>]\n           [--exec-path[=<path>]] [--html-path] [--man-path] [--info-path]\n           [-p | --paginate | -P | --no-pager] [--no-replace-objects] [--no-lazy-fetch]\n           [--no-optional-locks] [--no-advice] [--bare] [--git-dir=<path>]\n           [--work-tree=<path>] [--namespace=<name>] [--config-env=<name>=<envvar>]\n           <command> [<args>]\n\nThese are common Git commands used in various situations:\n\nstart a working area (see also: git help tutorial)\n   clone      Clone a repository into a new directory\n   init       Create an empty Git repository or reinitialize an existing one\n\nwork on the current change (see also: git help everyday)\n   add        Add file contents to the index\n   mv         Move or rename a file, a directory, or a symlink\n   restore    Restore working tree files\n   rm         Remove files from the working tree and from the index\n\nexamine the history and state (see also: git help revisions)\n   bisect     Use binary search to find the commit that introduced a bug\n   diff       Show changes between commits, commit and working tree, etc\n   grep       Print lines matching a pattern\n   log        Show commit logs\n   show       Show various types of objects\n   status     Show the working tree status\n\ngrow, mark and tweak your common history\n   backfill   Download missing objects in a partial clone\n   branch     List, create, or delete branches\n   commit     Record changes to the repository\n   history    EXPERIMENTAL: Rewrite history\n   merge      Join two or more development histories together\n   rebase     Reapply commits on top of another base tip\n   reset      Set `HEAD` or the index to a known state\n   switch     Switch branches\n   tag        Create, list, delete or verify tags\n\ncollaborate (see also: git help workflows)\n   fetch      Download objects and refs from another repository\n   pull       Fetch from and integrate with another repository or a local branch\n   push       Update remote refs along with associated objects\n\n'git help -a' and 'git help -g' list available subcommands and some\nconcept guides. See 'git help <command>' or 'git help <concept>'\nto read about a specific subcommand or concept.\nSee 'git help git' for an overview of the system.\n""
[0m01:59:04.375200 [debug] [MainThread]: STDERR: "b''"
[0m01:59:04.375200 [info ] [MainThread]:  - git [[32mOK found[0m]

[0m01:59:04.376197 [info ] [MainThread]: Connection test skipped since no profile was found
[0m01:59:04.376197 [info ] [MainThread]: [31m2 checks failed:[0m
[0m01:59:04.377198 [info ] [MainThread]: Could not load dbt_project.yml
Profile loading failed for the following reason:
Runtime Error
  Credentials in profile "walmart", target "dev" invalid: Runtime Error
    Could not find adapter type databricks!


[0m01:59:04.377198 [info ] [MainThread]: Project loading failed for the following reason:
 project path <D:\Snow DW Project\Patient Record DBT\dbt_project.yml> not found

[0m01:59:04.378198 [debug] [MainThread]: Command `dbt debug` failed at 01:59:04.378198 after 0.70 seconds
[0m01:59:04.379198 [debug] [MainThread]: Sending event: {'category': 'dbt', 'action': 'invocation', 'label': 'end', 'context': [<snowplow_tracker.self_describing_json.SelfDescribingJson object at 0x00000253E73A0E10>, <snowplow_tracker.self_describing_json.SelfDescribingJson object at 0x00000253E73A0590>, <snowplow_tracker.self_describing_json.SelfDescribingJson object at 0x00000253E73A0710>]}
[0m01:59:04.379198 [debug] [MainThread]: Flushing usage events
[0m01:59:06.611804 [debug] [MainThread]: An error was encountered while trying to flush usage events
[0m02:00:09.986024 [debug] [MainThread]: Sending event: {'category': 'dbt', 'action': 'invocation', 'label': 'start', 'context': [<snowplow_tracker.self_describing_json.SelfDescribingJson object at 0x000002D731501B90>, <snowplow_tracker.self_describing_json.SelfDescribingJson object at 0x000002D7313EEAD0>, <snowplow_tracker.self_describing_json.SelfDescribingJson object at 0x000002D7314A3E10>]}


============================== 02:00:09.989400 | 1faff7c2-759b-48ef-8b1b-36fab3260a8a ==============================
[0m02:00:09.989400 [info ] [MainThread]: Running with dbt=1.12.0
[0m02:00:09.990397 [debug] [MainThread]: running dbt with arguments {'static_parser': 'True', 'no_print': 'None', 'maximum_seed_size_mib': '1', 'warn_error_options': 'WarnErrorOptionsV2(error=[], warn=[], silence=[])', 'target_path': 'None', 'version_check': 'True', 'printer_width': '80', 'write_json': 'True', 'empty': 'None', 'log_cache_events': 'False', 'introspect': 'True', 'cache_selected_only': 'False', 'fail_fast': 'False', 'debug': 'False', 'log_format': 'default', 'profiles_dir': 'C:\\Users\\Joseph\\.dbt', 'send_anonymous_usage_stats': 'True', 'quiet': 'False', 'warn_error': 'None', 'partial_parse': 'True', 'invocation_command': 'dbt debug', 'hints_enabled': 'True', 'use_colors': 'True', 'use_experimental_parser': 'False', 'indirect_selection': 'eager', 'log_path': 'logs'}
[0m02:00:10.003011 [info ] [MainThread]: dbt version: 1.12.0
[0m02:00:10.003953 [info ] [MainThread]: python version: 3.11.9
[0m02:00:10.003953 [info ] [MainThread]: python path: D:\Snow DW Project\Patient Record DBT\.venv\Scripts\python.exe
[0m02:00:10.005026 [info ] [MainThread]: os info: Windows-10-10.0.26200-SP0
[0m02:00:10.331645 [debug] [MainThread]: Snowflake adapter: Setting snowflake.connector to ERROR (file logging only)
[0m02:00:10.331645 [debug] [MainThread]: Snowflake adapter: Setting botocore to ERROR (file logging only)
[0m02:00:10.331645 [debug] [MainThread]: Snowflake adapter: Setting boto3 to ERROR (file logging only)
[0m02:00:10.438128 [info ] [MainThread]: Error importing adapter: No module named 'dbt.adapters.databricks'
[0m02:00:10.438128 [info ] [MainThread]: Using profiles dir at C:\Users\Joseph\.dbt
[0m02:00:10.438128 [info ] [MainThread]: Using profiles.yml file at C:\Users\Joseph\.dbt\profiles.yml
[0m02:00:10.438128 [info ] [MainThread]: Using dbt_project.yml file at D:\Snow DW Project\Patient Record DBT\dbt_project.yml
[0m02:00:10.438128 [info ] [MainThread]: Configuration:
[0m02:00:10.441964 [info ] [MainThread]:   profiles.yml file [[31mERROR invalid[0m]
[0m02:00:10.442468 [info ] [MainThread]:   dbt_project.yml file [[31mERROR not found[0m]
[0m02:00:10.442468 [info ] [MainThread]: Required dependencies:
[0m02:00:10.442468 [debug] [MainThread]: Executing "git --help"
[0m02:00:10.518172 [debug] [MainThread]: STDOUT: "b"usage: git [-v | --version] [-h | --help] [-C <path>] [-c <name>=<value>]\n           [--exec-path[=<path>]] [--html-path] [--man-path] [--info-path]\n           [-p | --paginate | -P | --no-pager] [--no-replace-objects] [--no-lazy-fetch]\n           [--no-optional-locks] [--no-advice] [--bare] [--git-dir=<path>]\n           [--work-tree=<path>] [--namespace=<name>] [--config-env=<name>=<envvar>]\n           <command> [<args>]\n\nThese are common Git commands used in various situations:\n\nstart a working area (see also: git help tutorial)\n   clone      Clone a repository into a new directory\n   init       Create an empty Git repository or reinitialize an existing one\n\nwork on the current change (see also: git help everyday)\n   add        Add file contents to the index\n   mv         Move or rename a file, a directory, or a symlink\n   restore    Restore working tree files\n   rm         Remove files from the working tree and from the index\n\nexamine the history and state (see also: git help revisions)\n   bisect     Use binary search to find the commit that introduced a bug\n   diff       Show changes between commits, commit and working tree, etc\n   grep       Print lines matching a pattern\n   log        Show commit logs\n   show       Show various types of objects\n   status     Show the working tree status\n\ngrow, mark and tweak your common history\n   backfill   Download missing objects in a partial clone\n   branch     List, create, or delete branches\n   commit     Record changes to the repository\n   history    EXPERIMENTAL: Rewrite history\n   merge      Join two or more development histories together\n   rebase     Reapply commits on top of another base tip\n   reset      Set `HEAD` or the index to a known state\n   switch     Switch branches\n   tag        Create, list, delete or verify tags\n\ncollaborate (see also: git help workflows)\n   fetch      Download objects and refs from another repository\n   pull       Fetch from and integrate with another repository or a local branch\n   push       Update remote refs along with associated objects\n\n'git help -a' and 'git help -g' list available subcommands and some\nconcept guides. See 'git help <command>' or 'git help <concept>'\nto read about a specific subcommand or concept.\nSee 'git help git' for an overview of the system.\n""
[0m02:00:10.519180 [debug] [MainThread]: STDERR: "b''"
[0m02:00:10.519519 [info ] [MainThread]:  - git [[32mOK found[0m]

[0m02:00:10.519519 [info ] [MainThread]: Connection test skipped since no profile was found
[0m02:00:10.520558 [info ] [MainThread]: [31m2 checks failed:[0m
[0m02:00:10.521558 [info ] [MainThread]: Could not load dbt_project.yml
Profile loading failed for the following reason:
Runtime Error
  Credentials in profile "walmart", target "dev" invalid: Runtime Error
    Could not find adapter type databricks!


[0m02:00:10.524562 [info ] [MainThread]: Project loading failed for the following reason:
 project path <D:\Snow DW Project\Patient Record DBT\dbt_project.yml> not found

[0m02:00:10.526558 [debug] [MainThread]: Command `dbt debug` failed at 02:00:10.526558 after 0.63 seconds
[0m02:00:10.527685 [debug] [MainThread]: Sending event: {'category': 'dbt', 'action': 'invocation', 'label': 'end', 'context': [<snowplow_tracker.self_describing_json.SelfDescribingJson object at 0x000002D7314A3010>, <snowplow_tracker.self_describing_json.SelfDescribingJson object at 0x000002D7314A0590>, <snowplow_tracker.self_describing_json.SelfDescribingJson object at 0x000002D7314A05D0>]}
[0m02:00:10.528685 [debug] [MainThread]: Flushing usage events
[0m02:00:12.730153 [debug] [MainThread]: An error was encountered while trying to flush usage events
[0m05:57:30.309913 [debug] [MainThread]: Sending event: {'category': 'dbt', 'action': 'invocation', 'label': 'start', 'context': [<snowplow_tracker.self_describing_json.SelfDescribingJson object at 0x00000195408991D0>, <snowplow_tracker.self_describing_json.SelfDescribingJson object at 0x0000019540976950>, <snowplow_tracker.self_describing_json.SelfDescribingJson object at 0x000001954094CD90>]}


============================== 05:57:30.309913 | b1c83c67-0d6c-471b-a045-3879b9a128a2 ==============================
[0m05:57:30.309913 [info ] [MainThread]: Running with dbt=1.12.0
[0m05:57:30.325925 [debug] [MainThread]: running dbt with arguments {'maximum_seed_size_mib': '1', 'no_print': 'None', 'static_parser': 'True', 'target_path': 'None', 'warn_error_options': 'WarnErrorOptionsV2(error=[], warn=[], silence=[])', 'version_check': 'True', 'printer_width': '80', 'write_json': 'True', 'introspect': 'True', 'log_cache_events': 'False', 'empty': 'None', 'cache_selected_only': 'False', 'fail_fast': 'False', 'debug': 'False', 'log_format': 'default', 'profiles_dir': 'C:\\Users\\Joseph\\.dbt', 'send_anonymous_usage_stats': 'True', 'quiet': 'False', 'warn_error': 'None', 'partial_parse': 'True', 'use_colors': 'True', 'hints_enabled': 'True', 'indirect_selection': 'eager', 'use_experimental_parser': 'False', 'invocation_command': 'dbt test', 'log_path': 'logs'}
[0m05:57:30.326710 [error] [MainThread]: [[31mERROR[0m]: Encountered an error:
Runtime Error
  No dbt_project.yml found at expected path D:\Snow DW Project\Patient Record DBT\dbt_project.yml
  Verify that each entry within packages.yml (and their transitive dependencies) contains a file named dbt_project.yml
  
[0m05:57:30.326710 [debug] [MainThread]: Command `dbt test` failed at 05:57:30.326710 after 0.13 seconds
[0m05:57:30.326710 [debug] [MainThread]: Sending event: {'category': 'dbt', 'action': 'invocation', 'label': 'end', 'context': [<snowplow_tracker.self_describing_json.SelfDescribingJson object at 0x0000019540898B10>, <snowplow_tracker.self_describing_json.SelfDescribingJson object at 0x000001954089BF10>, <snowplow_tracker.self_describing_json.SelfDescribingJson object at 0x0000019540898090>]}
[0m05:57:30.326710 [debug] [MainThread]: Flushing usage events
[0m05:57:31.561704 [debug] [MainThread]: An error was encountered while trying to flush usage events
[0m05:57:58.046235 [debug] [MainThread]: Sending event: {'category': 'dbt', 'action': 'invocation', 'label': 'start', 'context': [<snowplow_tracker.self_describing_json.SelfDescribingJson object at 0x000001C206499350>, <snowplow_tracker.self_describing_json.SelfDescribingJson object at 0x000001C2063C7950>, <snowplow_tracker.self_describing_json.SelfDescribingJson object at 0x000001C2063C6D50>]}


============================== 05:57:58.046235 | 17ed2dbb-6617-4a9c-b082-ce7005a59a25 ==============================
[0m05:57:58.046235 [info ] [MainThread]: Running with dbt=1.12.0
[0m05:57:58.046235 [debug] [MainThread]: running dbt with arguments {'version_check': 'True', 'no_print': 'None', 'static_parser': 'True', 'target_path': 'None', 'warn_error_options': 'WarnErrorOptionsV2(error=[], warn=[], silence=[])', 'maximum_seed_size_mib': '1', 'printer_width': '80', 'write_json': 'True', 'introspect': 'True', 'log_cache_events': 'False', 'empty': 'None', 'cache_selected_only': 'False', 'fail_fast': 'False', 'debug': 'False', 'log_format': 'default', 'partial_parse': 'True', 'send_anonymous_usage_stats': 'True', 'quiet': 'False', 'warn_error': 'None', 'profiles_dir': 'C:\\Users\\Joseph\\.dbt', 'indirect_selection': 'eager', 'hints_enabled': 'True', 'invocation_command': 'dbt test', 'use_experimental_parser': 'False', 'use_colors': 'True', 'log_path': 'logs'}
[0m05:57:58.046235 [error] [MainThread]: [[31mERROR[0m]: Encountered an error:
Runtime Error
  No dbt_project.yml found at expected path D:\Snow DW Project\Patient Record DBT\dbt_project.yml
  Verify that each entry within packages.yml (and their transitive dependencies) contains a file named dbt_project.yml
  
[0m05:57:58.046235 [debug] [MainThread]: Command `dbt test` failed at 05:57:58.046235 after 0.10 seconds
[0m05:57:58.046235 [debug] [MainThread]: Sending event: {'category': 'dbt', 'action': 'invocation', 'label': 'end', 'context': [<snowplow_tracker.self_describing_json.SelfDescribingJson object at 0x000001C20649BF10>, <snowplow_tracker.self_describing_json.SelfDescribingJson object at 0x000001C206498090>, <snowplow_tracker.self_describing_json.SelfDescribingJson object at 0x000001C20649B8D0>]}
[0m05:57:58.046235 [debug] [MainThread]: Flushing usage events
[0m05:57:59.263580 [debug] [MainThread]: An error was encountered while trying to flush usage events
[0m06:20:09.211503 [debug] [MainThread]: Sending event: {'category': 'dbt', 'action': 'invocation', 'label': 'start', 'context': [<snowplow_tracker.self_describing_json.SelfDescribingJson object at 0x000001F74C6722D0>, <snowplow_tracker.self_describing_json.SelfDescribingJson object at 0x000001F74C710A90>, <snowplow_tracker.self_describing_json.SelfDescribingJson object at 0x000001F74C671690>]}


============================== 06:20:09.217601 | e952a626-8028-41e7-9284-96961a335d86 ==============================
[0m06:20:09.217601 [info ] [MainThread]: Running with dbt=1.11.12
[0m06:20:09.218106 [debug] [MainThread]: running dbt with arguments {'static_parser': 'True', 'no_print': 'None', 'version_check': 'True', 'warn_error_options': 'WarnErrorOptionsV2(error=[], warn=[], silence=[])', 'target_path': 'None', 'printer_width': '80', 'write_json': 'True', 'introspect': 'True', 'log_cache_events': 'False', 'empty': 'None', 'cache_selected_only': 'False', 'fail_fast': 'False', 'debug': 'False', 'log_format': 'default', 'partial_parse': 'True', 'send_anonymous_usage_stats': 'True', 'quiet': 'False', 'warn_error': 'None', 'profiles_dir': 'C:\\Users\\Joseph\\.dbt', 'use_colors': 'True', 'indirect_selection': 'eager', 'invocation_command': 'dbt test', 'use_experimental_parser': 'False', 'log_path': 'logs'}
[0m06:20:09.219113 [error] [MainThread]: Encountered an error:
Runtime Error
  No dbt_project.yml found at expected path D:\Snow DW Project\Patient Record DBT\dbt_project.yml
  Verify that each entry within packages.yml (and their transitive dependencies) contains a file named dbt_project.yml
  
[0m06:20:09.220111 [debug] [MainThread]: Command `dbt test` failed at 06:20:09.220111 after 0.09 seconds
[0m06:20:09.220111 [debug] [MainThread]: Sending event: {'category': 'dbt', 'action': 'invocation', 'label': 'end', 'context': [<snowplow_tracker.self_describing_json.SelfDescribingJson object at 0x000001F7464EA210>, <snowplow_tracker.self_describing_json.SelfDescribingJson object at 0x000001F74C683190>, <snowplow_tracker.self_describing_json.SelfDescribingJson object at 0x000001F74C6809D0>]}
[0m06:20:09.221128 [debug] [MainThread]: Flushing usage events
[0m06:20:10.495847 [debug] [MainThread]: An error was encountered while trying to flush usage events
[0m18:04:06.612708 [debug] [MainThread]: Sending event: {'category': 'dbt', 'action': 'invocation', 'label': 'start', 'context': [<snowplow_tracker.self_describing_json.SelfDescribingJson object at 0x0000027526A376D0>, <snowplow_tracker.self_describing_json.SelfDescribingJson object at 0x0000027526A10690>, <snowplow_tracker.self_describing_json.SelfDescribingJson object at 0x0000027526898E90>]}


============================== 18:04:06.618654 | 20a1aa4a-4513-471c-b6ab-9e1e2929e467 ==============================
[0m18:04:06.618654 [info ] [MainThread]: Running with dbt=1.11.12
[0m18:04:06.618654 [debug] [MainThread]: running dbt with arguments {'static_parser': 'True', 'no_print': 'None', 'version_check': 'True', 'warn_error_options': 'WarnErrorOptionsV2(error=[], warn=[], silence=[])', 'target_path': 'None', 'printer_width': '80', 'write_json': 'True', 'empty': 'None', 'log_cache_events': 'False', 'introspect': 'True', 'cache_selected_only': 'False', 'log_format': 'default', 'debug': 'False', 'fail_fast': 'False', 'profiles_dir': 'C:\\Users\\Joseph\\.dbt', 'send_anonymous_usage_stats': 'True', 'quiet': 'False', 'warn_error': 'None', 'partial_parse': 'True', 'use_colors': 'True', 'indirect_selection': 'eager', 'invocation_command': 'dbt test --select visit_t', 'use_experimental_parser': 'False', 'log_path': 'logs'}
[0m18:04:06.618654 [error] [MainThread]: Encountered an error:
Runtime Error
  No dbt_project.yml found at expected path D:\Snow DW Project\Patient Record DBT\dbt_project.yml
  Verify that each entry within packages.yml (and their transitive dependencies) contains a file named dbt_project.yml
  
[0m18:04:06.618654 [debug] [MainThread]: Command `dbt test` failed at 18:04:06.618654 after 0.21 seconds
[0m18:04:06.618654 [debug] [MainThread]: Sending event: {'category': 'dbt', 'action': 'invocation', 'label': 'end', 'context': [<snowplow_tracker.self_describing_json.SelfDescribingJson object at 0x0000027526A10690>, <snowplow_tracker.self_describing_json.SelfDescribingJson object at 0x00000275209CC850>, <snowplow_tracker.self_describing_json.SelfDescribingJson object at 0x0000027526983390>]}
[0m18:04:06.624539 [debug] [MainThread]: Flushing usage events
[0m18:04:08.641817 [debug] [MainThread]: An error was encountered while trying to flush usage events
[0m18:06:33.628822 [debug] [MainThread]: Sending event: {'category': 'dbt', 'action': 'invocation', 'label': 'start', 'context': [<snowplow_tracker.self_describing_json.SelfDescribingJson object at 0x0000021D7A287490>, <snowplow_tracker.self_describing_json.SelfDescribingJson object at 0x0000021D7E581750>, <snowplow_tracker.self_describing_json.SelfDescribingJson object at 0x0000021D7E637150>]}


============================== 18:06:33.642976 | e62ee8ad-464c-4f95-b216-79d6551a2b72 ==============================
[0m18:06:33.642976 [info ] [MainThread]: Running with dbt=1.11.12
[0m18:06:33.642976 [debug] [MainThread]: running dbt with arguments {'static_parser': 'True', 'no_print': 'None', 'version_check': 'True', 'warn_error_options': 'WarnErrorOptionsV2(error=[], warn=[], silence=[])', 'target_path': 'None', 'printer_width': '80', 'write_json': 'True', 'empty': 'None', 'log_cache_events': 'False', 'introspect': 'True', 'cache_selected_only': 'False', 'fail_fast': 'False', 'debug': 'False', 'log_format': 'default', 'partial_parse': 'True', 'send_anonymous_usage_stats': 'True', 'quiet': 'False', 'warn_error': 'None', 'profiles_dir': 'C:\\Users\\Joseph\\.dbt', 'indirect_selection': 'eager', 'use_colors': 'True', 'invocation_command': 'dbt test --select visit_t', 'use_experimental_parser': 'False', 'log_path': 'logs'}
[0m18:06:33.650571 [error] [MainThread]: Encountered an error:
Runtime Error
  No dbt_project.yml found at expected path D:\Snow DW Project\Patient Record DBT\dbt_project.yml
  Verify that each entry within packages.yml (and their transitive dependencies) contains a file named dbt_project.yml
  
[0m18:06:33.650571 [debug] [MainThread]: Command `dbt test` failed at 18:06:33.650571 after 0.16 seconds
[0m18:06:33.650571 [debug] [MainThread]: Sending event: {'category': 'dbt', 'action': 'invocation', 'label': 'end', 'context': [<snowplow_tracker.self_describing_json.SelfDescribingJson object at 0x0000021D7C88CA10>, <snowplow_tracker.self_describing_json.SelfDescribingJson object at 0x0000021D7E583290>, <snowplow_tracker.self_describing_json.SelfDescribingJson object at 0x0000021D7E580BD0>]}
[0m18:06:33.650571 [debug] [MainThread]: Flushing usage events
[0m18:06:36.297151 [debug] [MainThread]: An error was encountered while trying to flush usage events
[0m18:06:44.627875 [debug] [MainThread]: Sending event: {'category': 'dbt', 'action': 'invocation', 'label': 'start', 'context': [<snowplow_tracker.self_describing_json.SelfDescribingJson object at 0x000001BAAFE72210>, <snowplow_tracker.self_describing_json.SelfDescribingJson object at 0x000001BAAFF10310>, <snowplow_tracker.self_describing_json.SelfDescribingJson object at 0x000001BAAFDC7290>]}


============================== 18:06:44.641523 | 38659665-5bd1-47b2-bd8e-992656ef5fde ==============================
[0m18:06:44.641523 [info ] [MainThread]: Running with dbt=1.11.12
[0m18:06:44.641523 [debug] [MainThread]: running dbt with arguments {'version_check': 'True', 'no_print': 'None', 'static_parser': 'True', 'target_path': 'None', 'warn_error_options': 'WarnErrorOptionsV2(error=[], warn=[], silence=[])', 'printer_width': '80', 'write_json': 'True', 'introspect': 'True', 'log_cache_events': 'False', 'empty': 'None', 'cache_selected_only': 'False', 'log_format': 'default', 'debug': 'False', 'fail_fast': 'False', 'profiles_dir': 'C:\\Users\\Joseph\\.dbt', 'send_anonymous_usage_stats': 'True', 'quiet': 'False', 'warn_error': 'None', 'partial_parse': 'True', 'use_colors': 'True', 'indirect_selection': 'eager', 'invocation_command': 'dbt test --select visit_t.sql', 'use_experimental_parser': 'False', 'log_path': 'logs'}
[0m18:06:44.641523 [error] [MainThread]: Encountered an error:
Runtime Error
  No dbt_project.yml found at expected path D:\Snow DW Project\Patient Record DBT\dbt_project.yml
  Verify that each entry within packages.yml (and their transitive dependencies) contains a file named dbt_project.yml
  
[0m18:06:44.641523 [debug] [MainThread]: Command `dbt test` failed at 18:06:44.641523 after 0.11 seconds
[0m18:06:44.649720 [debug] [MainThread]: Sending event: {'category': 'dbt', 'action': 'invocation', 'label': 'end', 'context': [<snowplow_tracker.self_describing_json.SelfDescribingJson object at 0x000001BAAF18CA10>, <snowplow_tracker.self_describing_json.SelfDescribingJson object at 0x000001BAAFE83110>, <snowplow_tracker.self_describing_json.SelfDescribingJson object at 0x000001BAAFE80A50>]}
[0m18:06:44.649720 [debug] [MainThread]: Flushing usage events
[0m18:06:46.166694 [debug] [MainThread]: An error was encountered while trying to flush usage events
